=== Log started at 2026-02-14T14:12:13.3231379 ===
Logging to file: C:\Users\oscar\Documents\IntelliJ\mi-proyecto-cursor\composeApp\client.log
[NetworkClient] Connection closed
[NetworkClient] Connecting to 127.0.0.1:5678...
[NetworkClient] Connected to 127.0.0.1:5678
DEBUG: Client connected. Waiting for first message from server...
DEBUG: Message received: RECORDS_SYNC
[GameClient] Processed 2 records
[GameClient] Connect request sent. Waiting for response...
[GameClient] Connected with ID: 6e066502-5c9b-4da9-8911-1bbec132eb50
[GameClient] Starting message listener...
[GameClient] Handshake complete. Transitioning to Menu.
[GameClient] Received message: GAME_STATE
[GameClient] Decoded GameState: matchId=a22f9e1b-dd6e-4585-b621-23b1605b159f, currentPlayer=X
[GameClient] Navigating to Game screen for match: a22f9e1b-dd6e-4585-b621-23b1605b159f
[BoardCell] Cell clicked! symbol=''
[GameClient] Sending move: row 1, col 1
[GameClient] Move sent to server
[GameClient] Received message: MOVE_RESULT
[GameClient] Received message: GAME_STATE
[GameClient] Decoded GameState: matchId=a22f9e1b-dd6e-4585-b621-23b1605b159f, currentPlayer=O
[GameClient] Received message: MOVE_RESULT
[GameClient] Received message: GAME_STATE
[GameClient] Decoded GameState: matchId=a22f9e1b-dd6e-4585-b621-23b1605b159f, currentPlayer=X
[BoardCell] Cell clicked! symbol=''
[GameClient] Sending move: row 2, col 0
[GameClient] Move sent to server
[GameClient] Received message: MOVE_RESULT
[GameClient] Received message: GAME_STATE
[GameClient] Decoded GameState: matchId=a22f9e1b-dd6e-4585-b621-23b1605b159f, currentPlayer=O
[GameClient] Received message: MOVE_RESULT
[GameClient] Received message: GAME_STATE
[GameClient] Decoded GameState: matchId=a22f9e1b-dd6e-4585-b621-23b1605b159f, currentPlayer=X
[BoardCell] Cell clicked! symbol=''
[GameClient] Sending move: row 2, col 2
[GameClient] Move sent to server
[GameClient] Received message: MOVE_RESULT
[GameClient] Received message: GAME_STATE
[GameClient] Decoded GameState: matchId=a22f9e1b-dd6e-4585-b621-23b1605b159f, currentPlayer=O
[GameClient] Received message: MOVE_RESULT
[GameClient] Received message: GAME_STATE
[GameClient] Decoded GameState: matchId=a22f9e1b-dd6e-4585-b621-23b1605b159f, currentPlayer=X
[BoardCell] Cell clicked! symbol=''
[GameClient] Sending move: row 0, col 1
[GameClient] Move sent to server
[GameClient] Received message: MOVE_RESULT
[GameClient] Received message: GAME_STATE
[GameClient] Decoded GameState: matchId=a22f9e1b-dd6e-4585-b621-23b1605b159f, currentPlayer=O
[GameClient] Received message: MOVE_RESULT
[GameClient] Received message: GAME_STATE
[GameClient] Decoded GameState: matchId=a22f9e1b-dd6e-4585-b621-23b1605b159f, currentPlayer=X
[GameClient] Received message: ERROR
[GameClient] Server error: Unknown message type: SURRENDER
[GameClient] Received message: GAME_STATE
[GameClient] Decoded GameState: matchId=03f1056e-5c09-491d-9218-443d9cb3cf67, currentPlayer=X
[GameClient] Navigating to Game screen for match: 03f1056e-5c09-491d-9218-443d9cb3cf67
[GameClient] Received message: MOVE_RESULT
[GameClient] Received message: GAME_STATE
[GameClient] Decoded GameState: matchId=03f1056e-5c09-491d-9218-443d9cb3cf67, currentPlayer=O
[BoardCell] Cell clicked! symbol=''
[GameClient] Sending move: row 0, col 1
[GameClient] Move sent to server
[GameClient] Received message: MOVE_RESULT
[GameClient] Received message: GAME_STATE
[GameClient] Decoded GameState: matchId=03f1056e-5c09-491d-9218-443d9cb3cf67, currentPlayer=X
[GameClient] Received message: MOVE_RESULT
[GameClient] Received message: GAME_STATE
[GameClient] Decoded GameState: matchId=03f1056e-5c09-491d-9218-443d9cb3cf67, currentPlayer=O
[BoardCell] Cell clicked! symbol=''
[GameClient] Sending move: row 2, col 0
[GameClient] Move sent to server
[GameClient] Received message: MOVE_RESULT
[GameClient] Received message: GAME_STATE
[GameClient] Decoded GameState: matchId=03f1056e-5c09-491d-9218-443d9cb3cf67, currentPlayer=X
[GameClient] Received message: MOVE_RESULT
[GameClient] Received message: GAME_STATE
[GameClient] Decoded GameState: matchId=03f1056e-5c09-491d-9218-443d9cb3cf67, currentPlayer=O
[BoardCell] Cell clicked! symbol=''
[GameClient] Sending move: row 2, col 2
[GameClient] Move sent to server
[GameClient] Received message: MOVE_RESULT
[GameClient] Received message: GAME_STATE
[GameClient] Decoded GameState: matchId=03f1056e-5c09-491d-9218-443d9cb3cf67, currentPlayer=X
[GameClient] Received message: MOVE_RESULT
[GameClient] Received message: GAME_STATE
[GameClient] Decoded GameState: matchId=03f1056e-5c09-491d-9218-443d9cb3cf67, currentPlayer=O
[GameClient] Received message: ROUND_END
[GameClient] Round ended. Winner: X
[GameScreen] Showing round end overlay: winner=X, isDraw=false
[GameClient] Received message: GAME_STATE
[GameClient] Decoded GameState: matchId=03f1056e-5c09-491d-9218-443d9cb3cf67, currentPlayer=X
[GameClient] Clearing round end overlay due to new game state
[GameClient] Received message: MOVE_RESULT
[GameClient] Received message: GAME_STATE
[GameClient] Decoded GameState: matchId=03f1056e-5c09-491d-9218-443d9cb3cf67, currentPlayer=O
[BoardCell] Cell clicked! symbol=''
[GameClient] Sending move: row 1, col 1
[GameClient] Move sent to server
[GameClient] Received message: MOVE_RESULT
[GameClient] Received message: GAME_STATE
[GameClient] Decoded GameState: matchId=03f1056e-5c09-491d-9218-443d9cb3cf67, currentPlayer=X
[GameClient] Received message: MOVE_RESULT
[GameClient] Received message: GAME_STATE
[GameClient] Decoded GameState: matchId=03f1056e-5c09-491d-9218-443d9cb3cf67, currentPlayer=O
[BoardCell] Cell clicked! symbol=''
[GameClient] Sending move: row 0, col 2
[GameClient] Move sent to server
[GameClient] Received message: MOVE_RESULT
[GameClient] Received message: GAME_STATE
[GameClient] Decoded GameState: matchId=03f1056e-5c09-491d-9218-443d9cb3cf67, currentPlayer=X
[GameClient] Received message: MOVE_RESULT
[GameClient] Received message: GAME_STATE
[GameClient] Decoded GameState: matchId=03f1056e-5c09-491d-9218-443d9cb3cf67, currentPlayer=O
[BoardCell] Cell clicked! symbol=''
[GameClient] Sending move: row 1, col 0
[GameClient] Move sent to server
[GameClient] Received message: MOVE_RESULT
[GameClient] Received message: GAME_STATE
[GameClient] Decoded GameState: matchId=03f1056e-5c09-491d-9218-443d9cb3cf67, currentPlayer=X
[GameClient] Received message: MOVE_RESULT
[GameClient] Received message: GAME_STATE
[GameClient] Decoded GameState: matchId=03f1056e-5c09-491d-9218-443d9cb3cf67, currentPlayer=O
[BoardCell] Cell clicked! symbol=''
[GameClient] Sending move: row 2, col 2
[GameClient] Move sent to server
[GameClient] Received message: MOVE_RESULT
[GameClient] Received message: GAME_STATE
[GameClient] Decoded GameState: matchId=03f1056e-5c09-491d-9218-443d9cb3cf67, currentPlayer=X
[GameClient] Received message: MOVE_RESULT
[GameClient] Received message: GAME_STATE
[GameClient] Decoded GameState: matchId=03f1056e-5c09-491d-9218-443d9cb3cf67, currentPlayer=O
[GameClient] Received message: ROUND_END
[GameClient] Round ended. Winner: null
[GameScreen] Showing round end overlay: winner=null, isDraw=true
[GameClient] Received message: GAME_STATE
[GameClient] Decoded GameState: matchId=03f1056e-5c09-491d-9218-443d9cb3cf67, currentPlayer=X
[GameClient] Clearing round end overlay due to new game state
[GameClient] Received message: MOVE_RESULT
[GameClient] Received message: GAME_STATE
[GameClient] Decoded GameState: matchId=03f1056e-5c09-491d-9218-443d9cb3cf67, currentPlayer=O
[BoardCell] Cell clicked! symbol=''
[GameClient] Sending move: row 1, col 1
[GameClient] Move sent to server
[GameClient] Received message: MOVE_RESULT
[GameClient] Received message: GAME_STATE
[GameClient] Decoded GameState: matchId=03f1056e-5c09-491d-9218-443d9cb3cf67, currentPlayer=X
[GameClient] Received message: MOVE_RESULT
[GameClient] Received message: GAME_STATE
[GameClient] Decoded GameState: matchId=03f1056e-5c09-491d-9218-443d9cb3cf67, currentPlayer=O
[BoardCell] Cell clicked! symbol=''
[GameClient] Sending move: row 0, col 2
[GameClient] Move sent to server
[GameClient] Received message: MOVE_RESULT
[GameClient] Received message: GAME_STATE
[GameClient] Decoded GameState: matchId=03f1056e-5c09-491d-9218-443d9cb3cf67, currentPlayer=X
[GameClient] Received message: MOVE_RESULT
[GameClient] Received message: GAME_STATE
[GameClient] Decoded GameState: matchId=03f1056e-5c09-491d-9218-443d9cb3cf67, currentPlayer=O
[BoardCell] Cell clicked! symbol=''
[GameClient] Sending move: row 1, col 0
[GameClient] Move sent to server
[GameClient] Received message: MOVE_RESULT
[GameClient] Received message: GAME_STATE
[GameClient] Decoded GameState: matchId=03f1056e-5c09-491d-9218-443d9cb3cf67, currentPlayer=X
[GameClient] Received message: MOVE_RESULT
[GameClient] Received message: GAME_STATE
[GameClient] Decoded GameState: matchId=03f1056e-5c09-491d-9218-443d9cb3cf67, currentPlayer=O
[BoardCell] Cell clicked! symbol=''
[GameClient] Sending move: row 2, col 2
[GameClient] Move sent to server
[GameClient] Received message: MOVE_RESULT
[GameClient] Received message: GAME_STATE
[GameClient] Decoded GameState: matchId=03f1056e-5c09-491d-9218-443d9cb3cf67, currentPlayer=X
[GameClient] Received message: MOVE_RESULT
[GameClient] Received message: GAME_STATE
[GameClient] Decoded GameState: matchId=03f1056e-5c09-491d-9218-443d9cb3cf67, currentPlayer=O
[GameClient] Received message: ROUND_END
[GameClient] Round ended. Winner: null
[GameScreen] Showing round end overlay: winner=null, isDraw=true
[GameClient] Received message: GAME_STATE
[GameClient] Decoded GameState: matchId=03f1056e-5c09-491d-9218-443d9cb3cf67, currentPlayer=X
[GameClient] Clearing round end overlay due to new game state
[GameClient] Received message: ROUND_END
[GameClient] Round ended. Winner: O
[GameScreen] Showing round end overlay: winner=O, isDraw=false
[GameClient] Received message: MOVE_RESULT
[GameClient] Received message: GAME_STATE
[GameClient] Decoded GameState: matchId=03f1056e-5c09-491d-9218-443d9cb3cf67, currentPlayer=O
[GameClient] Clearing round end overlay due to new game state
[BoardCell] Cell clicked! symbol=''
[GameClient] Sending move: row 1, col 1
[GameClient] Move sent to server
[GameClient] Received message: MOVE_RESULT
[GameClient] Received message: GAME_STATE
[GameClient] Decoded GameState: matchId=03f1056e-5c09-491d-9218-443d9cb3cf67, currentPlayer=X
[GameClient] Received message: MOVE_RESULT
[GameClient] Received message: GAME_STATE
[GameClient] Decoded GameState: matchId=03f1056e-5c09-491d-9218-443d9cb3cf67, currentPlayer=O
[GameClient] Received message: GAME_STATE
[GameClient] Decoded GameState: matchId=a22f9e1b-dd6e-4585-b621-23b1605b159f, currentPlayer=X
[BoardCell] Cell clicked! symbol=''
[GameClient] Sending move: row 1, col 1
[GameClient] Move sent to server
[GameClient] Received message: MOVE_RESULT
[GameClient] Invalid move: Invalid move
[GameClient] Received message: ERROR
[GameClient] Server error: Unknown message type: SURRENDER
[GameClient] Message listener stopped
[NetworkClient] Connection closed
